5 5
15  20  25  30  35  
15  20  25  30  35  
15  20  25  30  35  
15  20  25  30  35  
15  20  25  30  35  
